Archive member included to satisfy reference by file (symbol)

c:/st/stm32cubeide_1.3.0/stm32cubeide/plugins/com.st.stm32cube.ide.mcu.externaltools.gnu-tools-for-stm32.7-2018-q2-update.win32_1.0.0.201904181610/tools/bin/../lib/gcc/arm-none-eabi/7.3.1/../../../../arm-none-eabi/lib/thumb/v6-m\libc_nano.a(lib_a-errno.o)
                              Core/Src/syscalls.o (__errno)
c:/st/stm32cubeide_1.3.0/stm32cubeide/plugins/com.st.stm32cube.ide.mcu.externaltools.gnu-tools-for-stm32.7-2018-q2-update.win32_1.0.0.201904181610/tools/bin/../lib/gcc/arm-none-eabi/7.3.1/../../../../arm-none-eabi/lib/thumb/v6-m\libc_nano.a(lib_a-exit.o)
                              c:/st/stm32cubeide_1.3.0/stm32cubeide/plugins/com.st.stm32cube.ide.mcu.externaltools.gnu-tools-for-stm32.7-2018-q2-update.win32_1.0.0.201904181610/tools/bin/../lib/gcc/arm-none-eabi/7.3.1/../../../../arm-none-eabi/lib/thumb/v6-m/crt0.o (exit)
c:/st/stm32cubeide_1.3.0/stm32cubeide/plugins/com.st.stm32cube.ide.mcu.externaltools.gnu-tools-for-stm32.7-2018-q2-update.win32_1.0.0.201904181610/tools/bin/../lib/gcc/arm-none-eabi/7.3.1/../../../../arm-none-eabi/lib/thumb/v6-m\libc_nano.a(lib_a-impure.o)
                              c:/st/stm32cubeide_1.3.0/stm32cubeide/plugins/com.st.stm32cube.ide.mcu.externaltools.gnu-tools-for-stm32.7-2018-q2-update.win32_1.0.0.201904181610/tools/bin/../lib/gcc/arm-none-eabi/7.3.1/../../../../arm-none-eabi/lib/thumb/v6-m\libc_nano.a(lib_a-exit.o) (_global_impure_ptr)
c:/st/stm32cubeide_1.3.0/stm32cubeide/plugins/com.st.stm32cube.ide.mcu.externaltools.gnu-tools-for-stm32.7-2018-q2-update.win32_1.0.0.201904181610/tools/bin/../lib/gcc/arm-none-eabi/7.3.1/../../../../arm-none-eabi/lib/thumb/v6-m\libc_nano.a(lib_a-init.o)
                              c:/st/stm32cubeide_1.3.0/stm32cubeide/plugins/com.st.stm32cube.ide.mcu.externaltools.gnu-tools-for-stm32.7-2018-q2-update.win32_1.0.0.201904181610/tools/bin/../lib/gcc/arm-none-eabi/7.3.1/../../../../arm-none-eabi/lib/thumb/v6-m/crt0.o (__libc_init_array)
c:/st/stm32cubeide_1.3.0/stm32cubeide/plugins/com.st.stm32cube.ide.mcu.externaltools.gnu-tools-for-stm32.7-2018-q2-update.win32_1.0.0.201904181610/tools/bin/../lib/gcc/arm-none-eabi/7.3.1/../../../../arm-none-eabi/lib/thumb/v6-m\libc_nano.a(lib_a-memset.o)
                              c:/st/stm32cubeide_1.3.0/stm32cubeide/plugins/com.st.stm32cube.ide.mcu.externaltools.gnu-tools-for-stm32.7-2018-q2-update.win32_1.0.0.201904181610/tools/bin/../lib/gcc/arm-none-eabi/7.3.1/../../../../arm-none-eabi/lib/thumb/v6-m/crt0.o (memset)
c:/st/stm32cubeide_1.3.0/stm32cubeide/plugins/com.st.stm32cube.ide.mcu.externaltools.gnu-tools-for-stm32.7-2018-q2-update.win32_1.0.0.201904181610/tools/bin/../lib/gcc/arm-none-eabi/7.3.1/../../../../arm-none-eabi/lib/thumb/v6-m\libc_nano.a(lib_a-strcmp.o)
                              Core/Src/main.o (strcmp)
c:/st/stm32cubeide_1.3.0/stm32cubeide/plugins/com.st.stm32cube.ide.mcu.externaltools.gnu-tools-for-stm32.7-2018-q2-update.win32_1.0.0.201904181610/tools/bin/../lib/gcc/arm-none-eabi/7.3.1/../../../../arm-none-eabi/lib/thumb/v6-m\libc_nano.a(lib_a-strncpy.o)
                              Core/Src/main.o (strncpy)
c:/st/stm32cubeide_1.3.0/stm32cubeide/plugins/com.st.stm32cube.ide.mcu.externaltools.gnu-tools-for-stm32.7-2018-q2-update.win32_1.0.0.201904181610/tools/bin/../lib/gcc/arm-none-eabi/7.3.1/thumb/v6-m\libgcc.a(_udivsi3.o)
                              Core/Src/NRF24.o (__aeabi_uidiv)
c:/st/stm32cubeide_1.3.0/stm32cubeide/plugins/com.st.stm32cube.ide.mcu.externaltools.gnu-tools-for-stm32.7-2018-q2-update.win32_1.0.0.201904181610/tools/bin/../lib/gcc/arm-none-eabi/7.3.1/thumb/v6-m\libgcc.a(_dvmd_tls.o)
                              c:/st/stm32cubeide_1.3.0/stm32cubeide/plugins/com.st.stm32cube.ide.mcu.externaltools.gnu-tools-for-stm32.7-2018-q2-update.win32_1.0.0.201904181610/tools/bin/../lib/gcc/arm-none-eabi/7.3.1/thumb/v6-m\libgcc.a(_udivsi3.o) (__aeabi_idiv0)

Allocating common symbols
Common symbol       size              file

portlcd             0x1               Core/Src/lcd_i2c.o
hi2c1               0x4c              Core/Src/main.o
uwTick              0x4               Drivers/STM32F0xx_HAL_Driver/Src/stm32f0xx_hal.o
pFlash              0x20              Drivers/STM32F0xx_HAL_Driver/Src/stm32f0xx_hal_flash.o
hspi1               0x64              Core/Src/main.o

Discarded input sections

 .text          0x0000000000000000        0x0 c:/st/stm32cubeide_1.3.0/stm32cubeide/plugins/com.st.stm32cube.ide.mcu.externaltools.gnu-tools-for-stm32.7-2018-q2-update.win32_1.0.0.201904181610/tools/bin/../lib/gcc/arm-none-eabi/7.3.1/thumb/v6-m/crti.o
 .data          0x0000000000000000        0x0 c:/st/stm32cubeide_1.3.0/stm32cubeide/plugins/com.st.stm32cube.ide.mcu.externaltools.gnu-tools-for-stm32.7-2018-q2-update.win32_1.0.0.201904181610/tools/bin/../lib/gcc/arm-none-eabi/7.3.1/thumb/v6-m/crti.o
[...]
Memory Configuration

Name             Origin             Length             Attributes
RAM              0x0000000020000000 0x0000000000001000 xrw
FLASH            0x0000000008000000 0x0000000000004000 xr
*default*        0x0000000000000000 0xffffffffffffffff

Linker script and memory map

LOAD c:/st/stm32cubeide_1.3.0/stm32cubeide/plugins/com.st.stm32cube.ide.mcu.externaltools.gnu-tools-for-stm32.7-2018-q2-update.win32_1.0.0.201904181610/tools/bin/../lib/gcc/arm-none-eabi/7.3.1/thumb/v6-m/crti.o
LOAD c:/st/stm32cubeide_1.3.0/stm32cubeide/plugins/com.st.stm32cube.ide.mcu.externaltools.gnu-tools-for-stm32.7-2018-q2-update.win32_1.0.0.201904181610/tools/bin/../lib/gcc/arm-none-eabi/7.3.1/thumb/v6-m/crtbegin.o
LOAD c:/st/stm32cubeide_1.3.0/stm32cubeide/plugins/com.st.stm32cube.ide.mcu.externaltools.gnu-tools-for-stm32.7-2018-q2-update.win32_1.0.0.201904181610/tools/bin/../lib/gcc/arm-none-eabi/7.3.1/../../../../arm-none-eabi/lib/thumb/v6-m/crt0.o
LOAD Core/Src/NRF24.o
LOAD Core/Src/lcd_i2c.o
LOAD Core/Src/main.o
LOAD Core/Src/stm32f0xx_hal_msp.o
LOAD Core/Src/stm32f0xx_it.o
LOAD Core/Src/syscalls.o
LOAD Core/Src/sysmem.o
LOAD Core/Src/system_stm32f0xx.o
LOAD Core/Startup/startup_stm32f030f4px.o
LOAD Drivers/STM32F0xx_HAL_Driver/Src/stm32f0xx_hal.o
LOAD Drivers/STM32F0xx_HAL_Driver/Src/stm32f0xx_hal_cortex.o
LOAD Drivers/STM32F0xx_HAL_Driver/Src/stm32f0xx_hal_dma.o
LOAD Drivers/STM32F0xx_HAL_Driver/Src/stm32f0xx_hal_exti.o
LOAD Drivers/STM32F0xx_HAL_Driver/Src/stm32f0xx_hal_flash.o
LOAD Drivers/STM32F0xx_HAL_Driver/Src/stm32f0xx_hal_flash_ex.o
LOAD Drivers/STM32F0xx_HAL_Driver/Src/stm32f0xx_hal_gpio.o
LOAD Drivers/STM32F0xx_HAL_Driver/Src/stm32f0xx_hal_i2c.o
LOAD Drivers/STM32F0xx_HAL_Driver/Src/stm32f0xx_hal_i2c_ex.o
LOAD Drivers/STM32F0xx_HAL_Driver/Src/stm32f0xx_hal_pwr.o
LOAD Drivers/STM32F0xx_HAL_Driver/Src/stm32f0xx_hal_pwr_ex.o
LOAD Drivers/STM32F0xx_HAL_Driver/Src/stm32f0xx_hal_rcc.o
LOAD Drivers/STM32F0xx_HAL_Driver/Src/stm32f0xx_hal_rcc_ex.o
LOAD Drivers/STM32F0xx_HAL_Driver/Src/stm32f0xx_hal_spi.o
LOAD Drivers/STM32F0xx_HAL_Driver/Src/stm32f0xx_hal_spi_ex.o
LOAD Drivers/STM32F0xx_HAL_Driver/Src/stm32f0xx_hal_tim.o
LOAD Drivers/STM32F0xx_HAL_Driver/Src/stm32f0xx_hal_tim_ex.o
START GROUP
LOAD c:/st/stm32cubeide_1.3.0/stm32cubeide/plugins/com.st.stm32cube.ide.mcu.externaltools.gnu-tools-for-stm32.7-2018-q2-update.win32_1.0.0.201904181610/tools/bin/../lib/gcc/arm-none-eabi/7.3.1/../../../../arm-none-eabi/lib/thumb/v6-m\libc_nano.a
LOAD c:/st/stm32cubeide_1.3.0/stm32cubeide/plugins/com.st.stm32cube.ide.mcu.externaltools.gnu-tools-for-stm32.7-2018-q2-update.win32_1.0.0.201904181610/tools/bin/../lib/gcc/arm-none-eabi/7.3.1/../../../../arm-none-eabi/lib/thumb/v6-m\libm.a
END GROUP
START GROUP
LOAD c:/st/stm32cubeide_1.3.0/stm32cubeide/plugins/com.st.stm32cube.ide.mcu.externaltools.gnu-tools-for-stm32.7-2018-q2-update.win32_1.0.0.201904181610/tools/bin/../lib/gcc/arm-none-eabi/7.3.1/thumb/v6-m\libgcc.a
LOAD c:/st/stm32cubeide_1.3.0/stm32cubeide/plugins/com.st.stm32cube.ide.mcu.externaltools.gnu-tools-for-stm32.7-2018-q2-update.win32_1.0.0.201904181610/tools/bin/../lib/gcc/arm-none-eabi/7.3.1/../../../../arm-none-eabi/lib/thumb/v6-m\libc_nano.a
END GROUP
START GROUP
LOAD c:/st/stm32cubeide_1.3.0/stm32cubeide/plugins/com.st.stm32cube.ide.mcu.externaltools.gnu-tools-for-stm32.7-2018-q2-update.win32_1.0.0.201904181610/tools/bin/../lib/gcc/arm-none-eabi/7.3.1/thumb/v6-m\libgcc.a
LOAD c:/st/stm32cubeide_1.3.0/stm32cubeide/plugins/com.st.stm32cube.ide.mcu.externaltools.gnu-tools-for-stm32.7-2018-q2-update.win32_1.0.0.201904181610/tools/bin/../lib/gcc/arm-none-eabi/7.3.1/../../../../arm-none-eabi/lib/thumb/v6-m\libc_nano.a
LOAD c:/st/stm32cubeide_1.3.0/stm32cubeide/plugins/com.st.stm32cube.ide.mcu.externaltools.gnu-tools-for-stm32.7-2018-q2-update.win32_1.0.0.201904181610/tools/bin/../lib/gcc/arm-none-eabi/7.3.1/../../../../arm-none-eabi/lib/thumb/v6-m\libnosys.a
END GROUP
START GROUP
LOAD c:/st/stm32cubeide_1.3.0/stm32cubeide/plugins/com.st.stm32cube.ide.mcu.externaltools.gnu-tools-for-stm32.7-2018-q2-update.win32_1.0.0.201904181610/tools/bin/../lib/gcc/arm-none-eabi/7.3.1/thumb/v6-m\libgcc.a
LOAD c:/st/stm32cubeide_1.3.0/stm32cubeide/plugins/com.st.stm32cube.ide.mcu.externaltools.gnu-tools-for-stm32.7-2018-q2-update.win32_1.0.0.201904181610/tools/bin/../lib/gcc/arm-none-eabi/7.3.1/../../../../arm-none-eabi/lib/thumb/v6-m\libc_nano.a
LOAD c:/st/stm32cubeide_1.3.0/stm32cubeide/plugins/com.st.stm32cube.ide.mcu.externaltools.gnu-tools-for-stm32.7-2018-q2-update.win32_1.0.0.201904181610/tools/bin/../lib/gcc/arm-none-eabi/7.3.1/../../../../arm-none-eabi/lib/thumb/v6-m\libnosys.a
END GROUP
LOAD c:/st/stm32cubeide_1.3.0/stm32cubeide/plugins/com.st.stm32cube.ide.mcu.externaltools.gnu-tools-for-stm32.7-2018-q2-update.win32_1.0.0.201904181610/tools/bin/../lib/gcc/arm-none-eabi/7.3.1/thumb/v6-m/crtend.o
LOAD c:/st/stm32cubeide_1.3.0/stm32cubeide/plugins/com.st.stm32cube.ide.mcu.externaltools.gnu-tools-for-stm32.7-2018-q2-update.win32_1.0.0.201904181610/tools/bin/../lib/gcc/arm-none-eabi/7.3.1/thumb/v6-m/crtn.o
                0x0000000020001000                _estack = (ORIGIN (RAM) + LENGTH (RAM))
                0x0000000000000200                _Min_Heap_Size = 0x200
                0x0000000000000400                _Min_Stack_Size = 0x400

.isr_vector     0x0000000008000000       0xc0
                0x0000000008000000                . = ALIGN (0x4)
 *(.isr_vector)
 .isr_vector    0x0000000008000000       0xc0 Core/Startup/startup_stm32f030f4px.o
                0x0000000008000000                g_pfnVectors
                0x00000000080000c0                . = ALIGN (0x4)

.text           0x00000000080000c0     0x2428
                0x00000000080000c0                . = ALIGN (0x4)
 *(.text)
 .text          0x00000000080000c0       0x48 c:/st/stm32cubeide_1.3.0/stm32cubeide/plugins/com.st.stm32cube.ide.mcu.externaltools.gnu-tools-for-stm32.7-2018-q2-update.win32_1.0.0.201904181610/tools/bin/../lib/gcc/arm-none-eabi/7.3.1/thumb/v6-m/crtbegin.o
 .text          0x0000000008000108       0x14 c:/st/stm32cubeide_1.3.0/stm32cubeide/plugins/com.st.stm32cube.ide.mcu.externaltools.gnu-tools-for-stm32.7-2018-q2-update.win32_1.0.0.201904181610/tools/bin/../lib/gcc/arm-none-eabi/7.3.1/../../../../arm-none-eabi/lib/thumb/v6-m\libc_nano.a(lib_a-strcmp.o)
                0x0000000008000108                strcmp
 .text          0x000000000800011c      0x114 c:/st/stm32cubeide_1.3.0/stm32cubeide/plugins/com.st.stm32cube.ide.mcu.externaltools.gnu-tools-for-stm32.7-2018-q2-update.win32_1.0.0.201904181610/tools/bin/../lib/gcc/arm-none-eabi/7.3.1/thumb/v6-m\libgcc.a(_udivsi3.o)
                0x000000000800011c                __aeabi_uidiv
                0x000000000800011c                __udivsi3
                0x0000000008000228                __aeabi_uidivmod
 .text          0x0000000008000230        0x4 c:/st/stm32cubeide_1.3.0/stm32cubeide/plugins/com.st.stm32cube.ide.mcu.externaltools.gnu-tools-for-stm32.7-2018-q2-update.win32_1.0.0.201904181610/tools/bin/../lib/gcc/arm-none-eabi/7.3.1/thumb/v6-m\libgcc.a(_dvmd_tls.o)
                0x0000000008000230                __aeabi_idiv0
                0x0000000008000230                __aeabi_ldiv0
 *(.text*)
 .text.NRF24_ReadReg
                0x0000000008000234       0x6c Core/Src/NRF24.o
                0x0000000008000234                NRF24_ReadReg
 .text.NRF24_WriteReg
                0x00000000080002a0       0x50 Core/Src/NRF24.o
                0x00000000080002a0                NRF24_WriteReg
 .text.NRF24_ToggleFeatures
                0x00000000080002f0       0x64 Core/Src/NRF24.o
                0x00000000080002f0                NRF24_ToggleFeatures
 .text.NRF24_Read_Buf
                0x0000000008000354       0x50 Core/Src/NRF24.o
                0x0000000008000354                NRF24_Read_Buf
 .text.NRF24_Write_Buf
                0x00000000080003a4       0x68 Core/Src/NRF24.o
                0x00000000080003a4                NRF24_Write_Buf
 .text.NRF24_FlushRX
                0x000000000800040c       0x54 Core/Src/NRF24.o
                0x000000000800040c                NRF24_FlushRX
 .text.NRF24_FlushTX
                0x0000000008000460       0x54 Core/Src/NRF24.o
                0x0000000008000460                NRF24_FlushTX
 .text.NRF24_RX_Mode
                0x00000000080004b4       0x48 Core/Src/NRF24.o
                0x00000000080004b4                NRF24_RX_Mode
 .text.NRF24_ini
                0x00000000080004fc       0xd0 Core/Src/NRF24.o
                0x00000000080004fc                NRF24_ini
 .text.NRF24_Receive
                0x00000000080005cc       0x8c Core/Src/NRF24.o
                0x00000000080005cc                NRF24_Receive
 .text.LCD_WriteByteI2CLCD
                0x0000000008000658       0x24 Core/Src/lcd_i2c.o
                0x0000000008000658                LCD_WriteByteI2CLCD
 .text.sendhalfbyte
                0x000000000800067c       0x64 Core/Src/lcd_i2c.o
                0x000000000800067c                sendhalfbyte
 .text.sendbyte
                0x00000000080006e0       0x38 Core/Src/lcd_i2c.o
                0x00000000080006e0                sendbyte
 .text.LCD_Clear
                0x0000000008000718       0x12 Core/Src/lcd_i2c.o
                0x0000000008000718                LCD_Clear
 .text.LCD_SetPos
                0x000000000800072a       0x3c Core/Src/lcd_i2c.o
                0x000000000800072a                LCD_SetPos
 *fill*         0x0000000008000766        0x2 
 .text.LCD_ini  0x0000000008000768       0xa8 Core/Src/lcd_i2c.o
                0x0000000008000768                LCD_ini
 .text.LCD_String
                0x0000000008000810       0x1a Core/Src/lcd_i2c.o
                0x0000000008000810                LCD_String
 *fill*         0x000000000800082a        0x2 
 .text.MX_GPIO_Init
                0x000000000800082c       0x88 Core/Src/main.o
 .text.MX_I2C1_Init
                0x00000000080008b4       0x44 Core/Src/main.o
 .text.MX_SPI1_Init
                0x00000000080008f8       0x48 Core/Src/main.o
 .text.SystemClock_Config
                0x0000000008000940       0x6a Core/Src/main.o
                0x0000000008000940                SystemClock_Config
 *fill*         0x00000000080009aa        0x2 
 .text.main     0x00000000080009ac       0xf4 Core/Src/main.o
                0x00000000080009ac                main
 .text.HAL_MspInit
                0x0000000008000aa0       0x30 Core/Src/stm32f0xx_hal_msp.o
                0x0000000008000aa0                HAL_MspInit
 .text.HAL_I2C_MspInit
                0x0000000008000ad0       0x6c Core/Src/stm32f0xx_hal_msp.o
                0x0000000008000ad0                HAL_I2C_MspInit
 .text.HAL_SPI_MspInit
                0x0000000008000b3c       0x64 Core/Src/stm32f0xx_hal_msp.o
                0x0000000008000b3c                HAL_SPI_MspInit
 .text.NMI_Handler
                0x0000000008000ba0        0x2 Core/Src/stm32f0xx_it.o
                0x0000000008000ba0                NMI_Handler
 .text.HardFault_Handler
                0x0000000008000ba2        0x2 Core/Src/stm32f0xx_it.o
                0x0000000008000ba2                HardFault_Handler
 .text.SVC_Handler
                0x0000000008000ba4        0x2 Core/Src/stm32f0xx_it.o
                0x0000000008000ba4                SVC_Handler
 .text.PendSV_Handler
                0x0000000008000ba6        0x2 Core/Src/stm32f0xx_it.o
                0x0000000008000ba6                PendSV_Handler
 .text.SysTick_Handler
                0x0000000008000ba8        0x8 Core/Src/stm32f0xx_it.o
                0x0000000008000ba8                SysTick_Handler
 .text.SystemInit
                0x0000000008000bb0        0x2 Core/Src/system_stm32f0xx.o
                0x0000000008000bb0                SystemInit
 *fill*         0x0000000008000bb2        0x2 
 .text.Reset_Handler
                0x0000000008000bb4       0x50 Core/Startup/startup_stm32f030f4px.o
                0x0000000008000bb4                Reset_Handler
 .text.Default_Handler
                0x0000000008000c04        0x2 Core/Startup/startup_stm32f030f4px.o
                0x0000000008000c04                TIM1_CC_IRQHandler
                0x0000000008000c04                I2C1_IRQHandler
                0x0000000008000c04                SPI1_IRQHandler
                0x0000000008000c04                EXTI2_3_IRQHandler
                0x0000000008000c04                ADC1_IRQHandler
                0x0000000008000c04                TIM17_IRQHandler
                0x0000000008000c04                RTC_IRQHandler
                0x0000000008000c04                TIM16_IRQHandler
                0x0000000008000c04                TIM3_IRQHandler
                0x0000000008000c04                EXTI4_15_IRQHandler
                0x0000000008000c04                RCC_IRQHandler
                0x0000000008000c04                DMA1_Channel1_IRQHandler
                0x0000000008000c04                Default_Handler
                0x0000000008000c04                TIM14_IRQHandler
                0x0000000008000c04                DMA1_Channel4_5_IRQHandler
                0x0000000008000c04                EXTI0_1_IRQHandler
                0x0000000008000c04                WWDG_IRQHandler
                0x0000000008000c04                DMA1_Channel2_3_IRQHandler
                0x0000000008000c04                FLASH_IRQHandler
                0x0000000008000c04                USART1_IRQHandler
                0x0000000008000c04                TIM1_BRK_UP_TRG_COM_IRQHandler
 *fill*         0x0000000008000c06        0x2 
 .text.HAL_InitTick
                0x0000000008000c08       0x50 Drivers/STM32F0xx_HAL_Driver/Src/stm32f0xx_hal.o
                0x0000000008000c08                HAL_InitTick
 .text.HAL_Init
                0x0000000008000c58       0x20 Drivers/STM32F0xx_HAL_Driver/Src/stm32f0xx_hal.o
                0x0000000008000c58                HAL_Init
 .text.HAL_IncTick
                0x0000000008000c78       0x18 Drivers/STM32F0xx_HAL_Driver/Src/stm32f0xx_hal.o
                0x0000000008000c78                HAL_IncTick
 .text.HAL_GetTick
                0x0000000008000c90        0xc Drivers/STM32F0xx_HAL_Driver/Src/stm32f0xx_hal.o
                0x0000000008000c90                HAL_GetTick
 .text.HAL_Delay
                0x0000000008000c9c       0x24 Drivers/STM32F0xx_HAL_Driver/Src/stm32f0xx_hal.o
                0x0000000008000c9c                HAL_Delay
 .text.HAL_NVIC_SetPriority
                0x0000000008000cc0       0x64 Drivers/STM32F0xx_HAL_Driver/Src/stm32f0xx_hal_cortex.o
                0x0000000008000cc0                HAL_NVIC_SetPriority
 .text.HAL_SYSTICK_Config
                0x0000000008000d24       0x38 Drivers/STM32F0xx_HAL_Driver/Src/stm32f0xx_hal_cortex.o
                0x0000000008000d24                HAL_SYSTICK_Config
 .text.HAL_GPIO_Init
                0x0000000008000d5c      0x18c Drivers/STM32F0xx_HAL_Driver/Src/stm32f0xx_hal_gpio.o
                0x0000000008000d5c                HAL_GPIO_Init
 .text.HAL_GPIO_ReadPin
                0x0000000008000ee8        0xe Drivers/STM32F0xx_HAL_Driver/Src/stm32f0xx_hal_gpio.o
                0x0000000008000ee8                HAL_GPIO_ReadPin
 .text.HAL_GPIO_WritePin
                0x0000000008000ef6        0xc Drivers/STM32F0xx_HAL_Driver/Src/stm32f0xx_hal_gpio.o
                0x0000000008000ef6                HAL_GPIO_WritePin
 .text.HAL_GPIO_TogglePin
                0x0000000008000f02       0x10 Drivers/STM32F0xx_HAL_Driver/Src/stm32f0xx_hal_gpio.o
                0x0000000008000f02                HAL_GPIO_TogglePin
 .text.I2C_Flush_TXDR
                0x0000000008000f12       0x1e Drivers/STM32F0xx_HAL_Driver/Src/stm32f0xx_hal_i2c.o
 .text.I2C_TransferConfig
                0x0000000008000f30       0x2c Drivers/STM32F0xx_HAL_Driver/Src/stm32f0xx_hal_i2c.o
 .text.I2C_IsAcknowledgeFailed
                0x0000000008000f5c       0x80 Drivers/STM32F0xx_HAL_Driver/Src/stm32f0xx_hal_i2c.o
 .text.I2C_WaitOnTXISFlagUntilTimeout
                0x0000000008000fdc       0x52 Drivers/STM32F0xx_HAL_Driver/Src/stm32f0xx_hal_i2c.o
 .text.I2C_WaitOnFlagUntilTimeout
                0x000000000800102e       0x4c Drivers/STM32F0xx_HAL_Driver/Src/stm32f0xx_hal_i2c.o
 .text.I2C_WaitOnSTOPFlagUntilTimeout
                0x000000000800107a       0x4e Drivers/STM32F0xx_HAL_Driver/Src/stm32f0xx_hal_i2c.o
 .text.HAL_I2C_Init
                0x00000000080010c8       0xcc Drivers/STM32F0xx_HAL_Driver/Src/stm32f0xx_hal_i2c.o
                0x00000000080010c8                HAL_I2C_Init
 .text.HAL_I2C_Master_Transmit
                0x0000000008001194      0x16c Drivers/STM32F0xx_HAL_Driver/Src/stm32f0xx_hal_i2c.o
                0x0000000008001194                HAL_I2C_Master_Transmit
 .text.HAL_I2CEx_ConfigAnalogFilter
                0x0000000008001300       0x58 Drivers/STM32F0xx_HAL_Driver/Src/stm32f0xx_hal_i2c_ex.o
                0x0000000008001300                HAL_I2CEx_ConfigAnalogFilter
 .text.HAL_I2CEx_ConfigDigitalFilter
                0x0000000008001358       0x54 Drivers/STM32F0xx_HAL_Driver/Src/stm32f0xx_hal_i2c_ex.o
                0x0000000008001358                HAL_I2CEx_ConfigDigitalFilter
 .text.HAL_RCC_OscConfig
                0x00000000080013ac      0x498 Drivers/STM32F0xx_HAL_Driver/Src/stm32f0xx_hal_rcc.o
                0x00000000080013ac                HAL_RCC_OscConfig
 .text.HAL_RCC_GetSysClockFreq
                0x0000000008001844       0x70 Drivers/STM32F0xx_HAL_Driver/Src/stm32f0xx_hal_rcc.o
                0x0000000008001844                HAL_RCC_GetSysClockFreq
 .text.HAL_RCC_ClockConfig
                0x00000000080018b4      0x130 Drivers/STM32F0xx_HAL_Driver/Src/stm32f0xx_hal_rcc.o
                0x00000000080018b4                HAL_RCC_ClockConfig
 .text.HAL_RCCEx_PeriphCLKConfig
                0x00000000080019e4      0x118 Drivers/STM32F0xx_HAL_Driver/Src/stm32f0xx_hal_rcc_ex.o
                0x00000000080019e4                HAL_RCCEx_PeriphCLKConfig
 .text.SPI_WaitFlagStateUntilTimeout
                0x0000000008001afc       0x9c Drivers/STM32F0xx_HAL_Driver/Src/stm32f0xx_hal_spi.o
 .text.SPI_WaitFifoStateUntilTimeout
                0x0000000008001b98       0xa8 Drivers/STM32F0xx_HAL_Driver/Src/stm32f0xx_hal_spi.o
 .text.SPI_EndRxTxTransaction
                0x0000000008001c40       0x68 Drivers/STM32F0xx_HAL_Driver/Src/stm32f0xx_hal_spi.o
 .text.SPI_EndRxTransaction
                0x0000000008001ca8       0x90 Drivers/STM32F0xx_HAL_Driver/Src/stm32f0xx_hal_spi.o
 .text.HAL_SPI_Init
                0x0000000008001d38       0xcc Drivers/STM32F0xx_HAL_Driver/Src/stm32f0xx_hal_spi.o
                0x0000000008001d38                HAL_SPI_Init
 .text.HAL_SPI_Transmit
                0x0000000008001e04      0x1e0 Drivers/STM32F0xx_HAL_Driver/Src/stm32f0xx_hal_spi.o
                0x0000000008001e04                HAL_SPI_Transmit
 .text.HAL_SPI_TransmitReceive
                0x0000000008001fe4      0x2d0 Drivers/STM32F0xx_HAL_Driver/Src/stm32f0xx_hal_spi.o
                0x0000000008001fe4                HAL_SPI_TransmitReceive
 .text.HAL_SPI_Receive
                0x00000000080022b4      0x19c Drivers/STM32F0xx_HAL_Driver/Src/stm32f0xx_hal_spi.o
                0x00000000080022b4                HAL_SPI_Receive
 .text.__libc_init_array
                0x0000000008002450       0x48 c:/st/stm32cubeide_1.3.0/stm32cubeide/plugins/com.st.stm32cube.ide.mcu.externaltools.gnu-tools-for-stm32.7-2018-q2-update.win32_1.0.0.201904181610/tools/bin/../lib/gcc/arm-none-eabi/7.3.1/../../../../arm-none-eabi/lib/thumb/v6-m\libc_nano.a(lib_a-init.o)
                0x0000000008002450                __libc_init_array
 .text.memset   0x0000000008002498       0x10 c:/st/stm32cubeide_1.3.0/stm32cubeide/plugins/com.st.stm32cube.ide.mcu.externaltools.gnu-tools-for-stm32.7-2018-q2-update.win32_1.0.0.201904181610/tools/bin/../lib/gcc/arm-none-eabi/7.3.1/../../../../arm-none-eabi/lib/thumb/v6-m\libc_nano.a(lib_a-memset.o)
                0x0000000008002498                memset
 .text.strncpy  0x00000000080024a8       0x28 c:/st/stm32cubeide_1.3.0/stm32cubeide/plugins/com.st.stm32cube.ide.mcu.externaltools.gnu-tools-for-stm32.7-2018-q2-update.win32_1.0.0.201904181610/tools/bin/../lib/gcc/arm-none-eabi/7.3.1/../../../../arm-none-eabi/lib/thumb/v6-m\libc_nano.a(lib_a-strncpy.o)
                0x00000000080024a8                strncpy
 *(.glue_7)
 .glue_7        0x00000000080024d0        0x0 linker stubs
 *(.glue_7t)
 .glue_7t       0x00000000080024d0        0x0 linker stubs
 *(.eh_frame)
 .eh_frame      0x00000000080024d0        0x0 c:/st/stm32cubeide_1.3.0/stm32cubeide/plugins/com.st.stm32cube.ide.mcu.externaltools.gnu-tools-for-stm32.7-2018-q2-update.win32_1.0.0.201904181610/tools/bin/../lib/gcc/arm-none-eabi/7.3.1/thumb/v6-m/crtbegin.o
 *(.init)
 .init          0x00000000080024d0        0x4 c:/st/stm32cubeide_1.3.0/stm32cubeide/plugins/com.st.stm32cube.ide.mcu.externaltools.gnu-tools-for-stm32.7-2018-q2-update.win32_1.0.0.201904181610/tools/bin/../lib/gcc/arm-none-eabi/7.3.1/thumb/v6-m/crti.o
                0x00000000080024d0                _init
 .init          0x00000000080024d4        0x8 c:/st/stm32cubeide_1.3.0/stm32cubeide/plugins/com.st.stm32cube.ide.mcu.externaltools.gnu-tools-for-stm32.7-2018-q2-update.win32_1.0.0.201904181610/tools/bin/../lib/gcc/arm-none-eabi/7.3.1/thumb/v6-m/crtn.o
 *(.fini)
 .fini          0x00000000080024dc        0x4 c:/st/stm32cubeide_1.3.0/stm32cubeide/plugins/com.st.stm32cube.ide.mcu.externaltools.gnu-tools-for-stm32.7-2018-q2-update.win32_1.0.0.201904181610/tools/bin/../lib/gcc/arm-none-eabi/7.3.1/thumb/v6-m/crti.o
                0x00000000080024dc                _fini
 .fini          0x00000000080024e0        0x8 c:/st/stm32cubeide_1.3.0/stm32cubeide/plugins/com.st.stm32cube.ide.mcu.externaltools.gnu-tools-for-stm32.7-2018-q2-update.win32_1.0.0.201904181610/tools/bin/../lib/gcc/arm-none-eabi/7.3.1/thumb/v6-m/crtn.o
                0x00000000080024e8                . = ALIGN (0x4)
                0x00000000080024e8                _etext = .

.vfp11_veneer   0x00000000080024e8        0x0
 .vfp11_veneer  0x00000000080024e8        0x0 linker stubs

.v4_bx          0x00000000080024e8        0x0
 .v4_bx         0x00000000080024e8        0x0 linker stubs

.iplt           0x00000000080024e8        0x0
 .iplt          0x00000000080024e8        0x0 c:/st/stm32cubeide_1.3.0/stm32cubeide/plugins/com.st.stm32cube.ide.mcu.externaltools.gnu-tools-for-stm32.7-2018-q2-update.win32_1.0.0.201904181610/tools/bin/../lib/gcc/arm-none-eabi/7.3.1/thumb/v6-m/crtbegin.o

.rodata         0x00000000080024e8       0x4c
                0x00000000080024e8                . = ALIGN (0x4)
 *(.rodata)
 .rodata        0x00000000080024e8       0x20 Drivers/STM32F0xx_HAL_Driver/Src/stm32f0xx_hal_rcc.o
 *(.rodata*)
 .rodata.main.str1.4
                0x0000000008002508       0x1c Core/Src/main.o
                                         0x1a (size before relaxing)
 .rodata.AHBPrescTable
                0x0000000008002524       0x10 Core/Src/system_stm32f0xx.o
                0x0000000008002524                AHBPrescTable
                0x0000000008002534                . = ALIGN (0x4)

.rel.dyn        0x0000000008002534        0x0
 .rel.iplt      0x0000000008002534        0x0 c:/st/stm32cubeide_1.3.0/stm32cubeide/plugins/com.st.stm32cube.ide.mcu.externaltools.gnu-tools-for-stm32.7-2018-q2-update.win32_1.0.0.201904181610/tools/bin/../lib/gcc/arm-none-eabi/7.3.1/thumb/v6-m/crtbegin.o

.ARM.extab      0x0000000008002534        0x0
                0x0000000008002534                . = ALIGN (0x4)
 *(.ARM.extab* .gnu.linkonce.armextab.*)
                0x0000000008002534                . = ALIGN (0x4)

.ARM            0x0000000008002534        0x0
                0x0000000008002534                . = ALIGN (0x4)
                0x0000000008002534                __exidx_start = .
 *(.ARM.exidx*)
                0x0000000008002534                __exidx_end = .
                0x0000000008002534                . = ALIGN (0x4)

.preinit_array  0x0000000008002534        0x0
                0x0000000008002534                . = ALIGN (0x4)
                0x0000000008002534                PROVIDE (__preinit_array_start = .)
 *(.preinit_array*)
                0x0000000008002534                PROVIDE (__preinit_array_end = .)
                0x0000000008002534                . = ALIGN (0x4)

.init_array     0x0000000008002534        0x4
                0x0000000008002534                . = ALIGN (0x4)
                0x0000000008002534                PROVIDE (__init_array_start = .)
 *(SORT_BY_NAME(.init_array.*))
 *(.init_array*)
 .init_array    0x0000000008002534        0x4 c:/st/stm32cubeide_1.3.0/stm32cubeide/plugins/com.st.stm32cube.ide.mcu.externaltools.gnu-tools-for-stm32.7-2018-q2-update.win32_1.0.0.201904181610/tools/bin/../lib/gcc/arm-none-eabi/7.3.1/thumb/v6-m/crtbegin.o
                0x0000000008002538                PROVIDE (__init_array_end = .)
                0x0000000008002538                . = ALIGN (0x4)

.fini_array     0x0000000008002538        0x4
                0x0000000008002538                . = ALIGN (0x4)
                [!provide]                        PROVIDE (__fini_array_start = .)
 *(SORT_BY_NAME(.fini_array.*))
 *(.fini_array*)
 .fini_array    0x0000000008002538        0x4 c:/st/stm32cubeide_1.3.0/stm32cubeide/plugins/com.st.stm32cube.ide.mcu.externaltools.gnu-tools-for-stm32.7-2018-q2-update.win32_1.0.0.201904181610/tools/bin/../lib/gcc/arm-none-eabi/7.3.1/thumb/v6-m/crtbegin.o
                [!provide]                        PROVIDE (__fini_array_end = .)
                0x000000000800253c                . = ALIGN (0x4)
                0x000000000800253c                _sidata = LOADADDR (.data)

.data           0x0000000020000000       0x24 load address 0x000000000800253c
                0x0000000020000000                . = ALIGN (0x4)
                0x0000000020000000                _sdata = .
 *(.data)
 *(.data*)
 .data.TX_ADDRESS
                0x0000000020000000        0x3 Core/Src/NRF24.o
                0x0000000020000000                TX_ADDRESS
 *fill*         0x0000000020000003        0x1 
 .data.str1     0x0000000020000004       0x11 Core/Src/main.o
                0x0000000020000004                str1
 *fill*         0x0000000020000015        0x3 
 .data.SystemCoreClock
                0x0000000020000018        0x4 Core/Src/system_stm32f0xx.o
                0x0000000020000018                SystemCoreClock
 .data.uwTickFreq
                0x000000002000001c        0x1 Drivers/STM32F0xx_HAL_Driver/Src/stm32f0xx_hal.o
                0x000000002000001c                uwTickFreq
 *fill*         0x000000002000001d        0x3 
 .data.uwTickPrio
                0x0000000020000020        0x4 Drivers/STM32F0xx_HAL_Driver/Src/stm32f0xx_hal.o
                0x0000000020000020                uwTickPrio
                0x0000000020000024                . = ALIGN (0x4)
                0x0000000020000024                _edata = .

.igot.plt       0x0000000020000024        0x0 load address 0x0000000008002560
 .igot.plt      0x0000000020000024        0x0 c:/st/stm32cubeide_1.3.0/stm32cubeide/plugins/com.st.stm32cube.ide.mcu.externaltools.gnu-tools-for-stm32.7-2018-q2-update.win32_1.0.0.201904181610/tools/bin/../lib/gcc/arm-none-eabi/7.3.1/thumb/v6-m/crtbegin.o
                0x0000000020000024                . = ALIGN (0x4)

.bss            0x0000000020000024       0xe4 load address 0x0000000008002560
                0x0000000020000024                _sbss = .
                0x0000000020000024                __bss_start__ = _sbss
 *(.bss)
 .bss           0x0000000020000024       0x1c c:/st/stm32cubeide_1.3.0/stm32cubeide/plugins/com.st.stm32cube.ide.mcu.externaltools.gnu-tools-for-stm32.7-2018-q2-update.win32_1.0.0.201904181610/tools/bin/../lib/gcc/arm-none-eabi/7.3.1/thumb/v6-m/crtbegin.o
 *(.bss*)
 .bss.RX_BUF    0x0000000020000040       0x10 Core/Src/NRF24.o
                0x0000000020000040                RX_BUF
 .bss.buf       0x0000000020000050        0x1 Core/Src/lcd_i2c.o
                0x0000000020000050                buf
 *(COMMON)
 COMMON         0x0000000020000051        0x1 Core/Src/lcd_i2c.o
                0x0000000020000051                portlcd
 *fill*         0x0000000020000052        0x2 
 COMMON         0x0000000020000054       0xb0 Core/Src/main.o
                0x0000000020000054                hi2c1
                0x00000000200000a0                hspi1
 COMMON         0x0000000020000104        0x4 Drivers/STM32F0xx_HAL_Driver/Src/stm32f0xx_hal.o
                0x0000000020000104                uwTick
                0x0000000020000108                . = ALIGN (0x4)
                0x0000000020000108                _ebss = .
                0x0000000020000108                __bss_end__ = _ebss

._user_heap_stack
                0x0000000020000108      0x600 load address 0x0000000008002560
                0x0000000020000108                . = ALIGN (0x8)
                0x0000000020000108                PROVIDE (end = .)
                [!provide]                        PROVIDE (_end = .)
                0x0000000020000308                . = (. + _Min_Heap_Size)
 *fill*         0x0000000020000108      0x200 
                0x0000000020000708                . = (. + _Min_Stack_Size)
 *fill*         0x0000000020000308      0x400 
                0x0000000020000708                . = ALIGN (0x8)

/DISCARD/
 libc.a(*)
 libm.a(*)
 libgcc.a(*)

.ARM.attributes
                0x0000000000000000       0x28
 *(.ARM.attributes)
 .ARM.attributes
                0x0000000000000000       0x1e c:/st/stm32cubeide_1.3.0/stm32cubeide/plugins/com.st.stm32cube.ide.mcu.externaltools.gnu-tools-for-stm32.7-2018-q2-update.win32_1.0.0.201904181610/tools/bin/../lib/gcc/arm-none-eabi/7.3.1/thumb/v6-m/crti.o
 .ARM.attributes
                0x000000000000001e       0x2c c:/st/stm32cubeide_1.3.0/stm32cubeide/plugins/com.st.stm32cube.ide.mcu.externaltools.gnu-tools-for-stm32.7-2018-q2-update.win32_1.0.0.201904181610/tools/bin/../lib/gcc/arm-none-eabi/7.3.1/thumb/v6-m/crtbegin.o
 .ARM.attributes
                0x000000000000004a       0x31 Core/Src/NRF24.o
 .ARM.attributes
                0x000000000000007b       0x31 Core/Src/lcd_i2c.o
 .ARM.attributes
                0x00000000000000ac       0x31 Core/Src/main.o
 .ARM.attributes
                0x00000000000000dd       0x31 Core/Src/stm32f0xx_hal_msp.o
 .ARM.attributes
                0x000000000000010e       0x31 Core/Src/stm32f0xx_it.o
 .ARM.attributes
                0x000000000000013f       0x31 Core/Src/system_stm32f0xx.o
 .ARM.attributes
                0x0000000000000170       0x21 Core/Startup/startup_stm32f030f4px.o
 .ARM.attributes
                0x0000000000000191       0x31 Drivers/STM32F0xx_HAL_Driver/Src/stm32f0xx_hal.o
 .ARM.attributes
                0x00000000000001c2       0x31 Drivers/STM32F0xx_HAL_Driver/Src/stm32f0xx_hal_cortex.o
 .ARM.attributes
                0x00000000000001f3       0x31 Drivers/STM32F0xx_HAL_Driver/Src/stm32f0xx_hal_gpio.o
 .ARM.attributes
                0x0000000000000224       0x31 Drivers/STM32F0xx_HAL_Driver/Src/stm32f0xx_hal_i2c.o
 .ARM.attributes
                0x0000000000000255       0x31 Drivers/STM32F0xx_HAL_Driver/Src/stm32f0xx_hal_i2c_ex.o
 .ARM.attributes
                0x0000000000000286       0x31 Drivers/STM32F0xx_HAL_Driver/Src/stm32f0xx_hal_rcc.o
 .ARM.attributes
                0x00000000000002b7       0x31 Drivers/STM32F0xx_HAL_Driver/Src/stm32f0xx_hal_rcc_ex.o
 .ARM.attributes
                0x00000000000002e8       0x31 Drivers/STM32F0xx_HAL_Driver/Src/stm32f0xx_hal_spi.o
 .ARM.attributes
                0x0000000000000319       0x2c c:/st/stm32cubeide_1.3.0/stm32cubeide/plugins/com.st.stm32cube.ide.mcu.externaltools.gnu-tools-for-stm32.7-2018-q2-update.win32_1.0.0.201904181610/tools/bin/../lib/gcc/arm-none-eabi/7.3.1/../../../../arm-none-eabi/lib/thumb/v6-m\libc_nano.a(lib_a-init.o)
 .ARM.attributes
                0x0000000000000345       0x2c c:/st/stm32cubeide_1.3.0/stm32cubeide/plugins/com.st.stm32cube.ide.mcu.externaltools.gnu-tools-for-stm32.7-2018-q2-update.win32_1.0.0.201904181610/tools/bin/../lib/gcc/arm-none-eabi/7.3.1/../../../../arm-none-eabi/lib/thumb/v6-m\libc_nano.a(lib_a-memset.o)
 .ARM.attributes
                0x0000000000000371       0x1c c:/st/stm32cubeide_1.3.0/stm32cubeide/plugins/com.st.stm32cube.ide.mcu.externaltools.gnu-tools-for-stm32.7-2018-q2-update.win32_1.0.0.201904181610/tools/bin/../lib/gcc/arm-none-eabi/7.3.1/../../../../arm-none-eabi/lib/thumb/v6-m\libc_nano.a(lib_a-strcmp.o)
 .ARM.attributes
                0x000000000000038d       0x2c c:/st/stm32cubeide_1.3.0/stm32cubeide/plugins/com.st.stm32cube.ide.mcu.externaltools.gnu-tools-for-stm32.7-2018-q2-update.win32_1.0.0.201904181610/tools/bin/../lib/gcc/arm-none-eabi/7.3.1/../../../../arm-none-eabi/lib/thumb/v6-m\libc_nano.a(lib_a-strncpy.o)
 .ARM.attributes
                0x00000000000003b9       0x1e c:/st/stm32cubeide_1.3.0/stm32cubeide/plugins/com.st.stm32cube.ide.mcu.externaltools.gnu-tools-for-stm32.7-2018-q2-update.win32_1.0.0.201904181610/tools/bin/../lib/gcc/arm-none-eabi/7.3.1/thumb/v6-m\libgcc.a(_udivsi3.o)
 .ARM.attributes
                0x00000000000003d7       0x1e c:/st/stm32cubeide_1.3.0/stm32cubeide/plugins/com.st.stm32cube.ide.mcu.externaltools.gnu-tools-for-stm32.7-2018-q2-update.win32_1.0.0.201904181610/tools/bin/../lib/gcc/arm-none-eabi/7.3.1/thumb/v6-m\libgcc.a(_dvmd_tls.o)
 .ARM.attributes
                0x00000000000003f5       0x1e c:/st/stm32cubeide_1.3.0/stm32cubeide/plugins/com.st.stm32cube.ide.mcu.externaltools.gnu-tools-for-stm32.7-2018-q2-update.win32_1.0.0.201904181610/tools/bin/../lib/gcc/arm-none-eabi/7.3.1/thumb/v6-m/crtn.o
OUTPUT(f030_nrf_receive.elf elf32-littlearm)

.debug_info     0x0000000000000000     0xd462
 .debug_info    0x0000000000000000     0x1b8c Core/Src/NRF24.o
 .debug_info    0x0000000000001b8c      0xad4 Core/Src/lcd_i2c.o
 .debug_info    0x0000000000002660     0x19bb Core/Src/main.o
 .debug_info    0x000000000000401b      0xcab Core/Src/stm32f0xx_hal_msp.o
 .debug_info    0x0000000000004cc6      0x1bc Core/Src/stm32f0xx_it.o
 .debug_info    0x0000000000004e82      0x2a2 Core/Src/system_stm32f0xx.o
 .debug_info    0x0000000000005124       0x22 Core/Startup/startup_stm32f030f4px.o
 .debug_info    0x0000000000005146      0x6ec Drivers/STM32F0xx_HAL_Driver/Src/stm32f0xx_hal.o
 .debug_info    0x0000000000005832      0x7f5 Drivers/STM32F0xx_HAL_Driver/Src/stm32f0xx_hal_cortex.o
 .debug_info    0x0000000000006027      0x66b Drivers/STM32F0xx_HAL_Driver/Src/stm32f0xx_hal_gpio.o
 .debug_info    0x0000000000006692     0x3929 Drivers/STM32F0xx_HAL_Driver/Src/stm32f0xx_hal_i2c.o
 .debug_info    0x0000000000009fbb      0x86e Drivers/STM32F0xx_HAL_Driver/Src/stm32f0xx_hal_i2c_ex.o
 .debug_info    0x000000000000a829      0x9d5 Drivers/STM32F0xx_HAL_Driver/Src/stm32f0xx_hal_rcc.o
 .debug_info    0x000000000000b1fe      0x438 Drivers/STM32F0xx_HAL_Driver/Src/stm32f0xx_hal_rcc_ex.o
 .debug_info    0x000000000000b636     0x1e2c Drivers/STM32F0xx_HAL_Driver/Src/stm32f0xx_hal_spi.o

.debug_abbrev   0x0000000000000000     0x1ce5
 .debug_abbrev  0x0000000000000000      0x2d3 Core/Src/NRF24.o
 .debug_abbrev  0x00000000000002d3      0x237 Core/Src/lcd_i2c.o
 .debug_abbrev  0x000000000000050a      0x2b5 Core/Src/main.o
 .debug_abbrev  0x00000000000007bf      0x1d8 Core/Src/stm32f0xx_hal_msp.o
 .debug_abbrev  0x0000000000000997       0xe4 Core/Src/stm32f0xx_it.o
 .debug_abbrev  0x0000000000000a7b      0x12b Core/Src/system_stm32f0xx.o
 .debug_abbrev  0x0000000000000ba6       0x12 Core/Startup/startup_stm32f030f4px.o
 .debug_abbrev  0x0000000000000bb8      0x234 Drivers/STM32F0xx_HAL_Driver/Src/stm32f0xx_hal.o
 .debug_abbrev  0x0000000000000dec      0x264 Drivers/STM32F0xx_HAL_Driver/Src/stm32f0xx_hal_cortex.o
 .debug_abbrev  0x0000000000001050      0x1de Drivers/STM32F0xx_HAL_Driver/Src/stm32f0xx_hal_gpio.o
 .debug_abbrev  0x000000000000122e      0x26c Drivers/STM32F0xx_HAL_Driver/Src/stm32f0xx_hal_i2c.o
 .debug_abbrev  0x000000000000149a      0x1d7 Drivers/STM32F0xx_HAL_Driver/Src/stm32f0xx_hal_i2c_ex.o
 .debug_abbrev  0x0000000000001671      0x24e Drivers/STM32F0xx_HAL_Driver/Src/stm32f0xx_hal_rcc.o
 .debug_abbrev  0x00000000000018bf      0x1ba Drivers/STM32F0xx_HAL_Driver/Src/stm32f0xx_hal_rcc_ex.o
 .debug_abbrev  0x0000000000001a79      0x26c Drivers/STM32F0xx_HAL_Driver/Src/stm32f0xx_hal_spi.o

.debug_loc      0x0000000000000000     0x7799
 .debug_loc     0x0000000000000000      0x401 Core/Src/NRF24.o
 .debug_loc     0x0000000000000401      0x245 Core/Src/lcd_i2c.o
 .debug_loc     0x0000000000000646       0x3f Core/Src/main.o
 .debug_loc     0x0000000000000685       0xf0 Core/Src/stm32f0xx_hal_msp.o
 .debug_loc     0x0000000000000775      0x13b Core/Src/system_stm32f0xx.o
 .debug_loc     0x00000000000008b0      0x11b Drivers/STM32F0xx_HAL_Driver/Src/stm32f0xx_hal.o
 .debug_loc     0x00000000000009cb      0x3b7 Drivers/STM32F0xx_HAL_Driver/Src/stm32f0xx_hal_cortex.o
 .debug_loc     0x0000000000000d82      0x33d Drivers/STM32F0xx_HAL_Driver/Src/stm32f0xx_hal_gpio.o
 .debug_loc     0x00000000000010bf     0x40eb Drivers/STM32F0xx_HAL_Driver/Src/stm32f0xx_hal_i2c.o
 .debug_loc     0x00000000000051aa      0x17b Drivers/STM32F0xx_HAL_Driver/Src/stm32f0xx_hal_i2c_ex.o
 .debug_loc     0x0000000000005325      0x4a6 Drivers/STM32F0xx_HAL_Driver/Src/stm32f0xx_hal_rcc.o
 .debug_loc     0x00000000000057cb      0x359 Drivers/STM32F0xx_HAL_Driver/Src/stm32f0xx_hal_rcc_ex.o
 .debug_loc     0x0000000000005b24     0x1c75 Drivers/STM32F0xx_HAL_Driver/Src/stm32f0xx_hal_spi.o

.debug_aranges  0x0000000000000000      0x8d8
 .debug_aranges
                0x0000000000000000       0x80 Core/Src/NRF24.o
 .debug_aranges
                0x0000000000000080       0x58 Core/Src/lcd_i2c.o
 .debug_aranges
                0x00000000000000d8       0x48 Core/Src/main.o
 .debug_aranges
                0x0000000000000120       0x40 Core/Src/stm32f0xx_hal_msp.o
 .debug_aranges
                0x0000000000000160       0x40 Core/Src/stm32f0xx_it.o
 .debug_aranges
                0x00000000000001a0       0x28 Core/Src/system_stm32f0xx.o
 .debug_aranges
                0x00000000000001c8       0x28 Core/Startup/startup_stm32f030f4px.o
 .debug_aranges
                0x00000000000001f0       0xd0 Drivers/STM32F0xx_HAL_Driver/Src/stm32f0xx_hal.o
 .debug_aranges
                0x00000000000002c0       0x78 Drivers/STM32F0xx_HAL_Driver/Src/stm32f0xx_hal_cortex.o
 .debug_aranges
                0x0000000000000338       0x58 Drivers/STM32F0xx_HAL_Driver/Src/stm32f0xx_hal_gpio.o
 .debug_aranges
                0x0000000000000390      0x288 Drivers/STM32F0xx_HAL_Driver/Src/stm32f0xx_hal_i2c.o
 .debug_aranges
                0x0000000000000618       0x38 Drivers/STM32F0xx_HAL_Driver/Src/stm32f0xx_hal_i2c_ex.o
 .debug_aranges
                0x0000000000000650       0x80 Drivers/STM32F0xx_HAL_Driver/Src/stm32f0xx_hal_rcc.o
 .debug_aranges
                0x00000000000006d0       0x30 Drivers/STM32F0xx_HAL_Driver/Src/stm32f0xx_hal_rcc_ex.o
 .debug_aranges
                0x0000000000000700      0x1d8 Drivers/STM32F0xx_HAL_Driver/Src/stm32f0xx_hal_spi.o

.debug_ranges   0x0000000000000000      0x898
 .debug_ranges  0x0000000000000000       0x88 Core/Src/NRF24.o
 .debug_ranges  0x0000000000000088       0x48 Core/Src/lcd_i2c.o
 .debug_ranges  0x00000000000000d0       0x38 Core/Src/main.o
 .debug_ranges  0x0000000000000108       0x30 Core/Src/stm32f0xx_hal_msp.o
 .debug_ranges  0x0000000000000138       0x30 Core/Src/stm32f0xx_it.o
 .debug_ranges  0x0000000000000168       0x18 Core/Src/system_stm32f0xx.o
 .debug_ranges  0x0000000000000180       0x20 Core/Startup/startup_stm32f030f4px.o
 .debug_ranges  0x00000000000001a0       0xc0 Drivers/STM32F0xx_HAL_Driver/Src/stm32f0xx_hal.o
 .debug_ranges  0x0000000000000260       0xc8 Drivers/STM32F0xx_HAL_Driver/Src/stm32f0xx_hal_cortex.o
 .debug_ranges  0x0000000000000328       0x48 Drivers/STM32F0xx_HAL_Driver/Src/stm32f0xx_hal_gpio.o
 .debug_ranges  0x0000000000000370      0x278 Drivers/STM32F0xx_HAL_Driver/Src/stm32f0xx_hal_i2c.o
 .debug_ranges  0x00000000000005e8       0x28 Drivers/STM32F0xx_HAL_Driver/Src/stm32f0xx_hal_i2c_ex.o
 .debug_ranges  0x0000000000000610       0x88 Drivers/STM32F0xx_HAL_Driver/Src/stm32f0xx_hal_rcc.o
 .debug_ranges  0x0000000000000698       0x38 Drivers/STM32F0xx_HAL_Driver/Src/stm32f0xx_hal_rcc_ex.o
 .debug_ranges  0x00000000000006d0      0x1c8 Drivers/STM32F0xx_HAL_Driver/Src/stm32f0xx_hal_spi.o

.debug_macro    0x0000000000000000     0xc74d
 .debug_macro   0x0000000000000000      0x28a Core/Src/NRF24.o
 .debug_macro   0x000000000000028a      0xa48 Core/Src/NRF24.o
 .debug_macro   0x0000000000000cd2      0x12d Core/Src/NRF24.o
 .debug_macro   0x0000000000000dff       0x2e Core/Src/NRF24.o
 .debug_macro   0x0000000000000e2d       0x22 Core/Src/NRF24.o
 .debug_macro   0x0000000000000e4f       0x22 Core/Src/NRF24.o
 .debug_macro   0x0000000000000e71       0x8e Core/Src/NRF24.o
 .debug_macro   0x0000000000000eff       0x51 Core/Src/NRF24.o
 .debug_macro   0x0000000000000f50       0xef Core/Src/NRF24.o
 .debug_macro   0x000000000000103f       0x6a Core/Src/NRF24.o
 .debug_macro   0x00000000000010a9      0x1df Core/Src/NRF24.o
 .debug_macro   0x0000000000001288       0x1c Core/Src/NRF24.o
 .debug_macro   0x00000000000012a4       0x22 Core/Src/NRF24.o
 .debug_macro   0x00000000000012c6       0xb5 Core/Src/NRF24.o
 .debug_macro   0x000000000000137b      0x391 Core/Src/NRF24.o
 .debug_macro   0x000000000000170c     0x6e60 Core/Src/NRF24.o
 .debug_macro   0x000000000000856c       0x3c Core/Src/NRF24.o
 .debug_macro   0x00000000000085a8      0x174 Core/Src/NRF24.o
 .debug_macro   0x000000000000871c       0x53 Core/Src/NRF24.o
 .debug_macro   0x000000000000876f      0x924 Core/Src/NRF24.o
 .debug_macro   0x0000000000009093       0xe5 Core/Src/NRF24.o
 .debug_macro   0x0000000000009178      0x12f Core/Src/NRF24.o
 .debug_macro   0x00000000000092a7       0xb3 Core/Src/NRF24.o
 .debug_macro   0x000000000000935a      0x1a0 Core/Src/NRF24.o
 .debug_macro   0x00000000000094fa      0x1ed Core/Src/NRF24.o
 .debug_macro   0x00000000000096e7       0x34 Core/Src/NRF24.o
 .debug_macro   0x000000000000971b       0x43 Core/Src/NRF24.o
 .debug_macro   0x000000000000975e       0x28 Core/Src/NRF24.o
 .debug_macro   0x0000000000009786       0xb0 Core/Src/NRF24.o
 .debug_macro   0x0000000000009836      0x15a Core/Src/NRF24.o
 .debug_macro   0x0000000000009990      0x22c Core/Src/NRF24.o
 .debug_macro   0x0000000000009bbc       0x5f Core/Src/NRF24.o
 .debug_macro   0x0000000000009c1b       0xa5 Core/Src/NRF24.o
 .debug_macro   0x0000000000009cc0       0x4c Core/Src/NRF24.o
 .debug_macro   0x0000000000009d0c       0x2b Core/Src/NRF24.o
 .debug_macro   0x0000000000009d37      0x305 Core/Src/NRF24.o
 .debug_macro   0x000000000000a03c       0xf1 Core/Src/NRF24.o
 .debug_macro   0x000000000000a12d       0x46 Core/Src/NRF24.o
 .debug_macro   0x000000000000a173       0x18 Core/Src/NRF24.o
 .debug_macro   0x000000000000a18b       0x3c Core/Src/NRF24.o
 .debug_macro   0x000000000000a1c7       0x34 Core/Src/NRF24.o
 .debug_macro   0x000000000000a1fb       0x52 Core/Src/NRF24.o
 .debug_macro   0x000000000000a24d       0x1f Core/Src/NRF24.o
 .debug_macro   0x000000000000a26c       0x43 Core/Src/NRF24.o
 .debug_macro   0x000000000000a2af       0x20 Core/Src/NRF24.o
 .debug_macro   0x000000000000a2cf      0x1a3 Core/Src/NRF24.o
 .debug_macro   0x000000000000a472      0x32a Core/Src/NRF24.o
 .debug_macro   0x000000000000a79c       0x10 Core/Src/NRF24.o
 .debug_macro   0x000000000000a7ac       0x35 Core/Src/NRF24.o
 .debug_macro   0x000000000000a7e1       0x20 Core/Src/NRF24.o
 .debug_macro   0x000000000000a801       0x3a Core/Src/NRF24.o
 .debug_macro   0x000000000000a83b      0x10c Core/Src/NRF24.o
 .debug_macro   0x000000000000a947      0x1b4 Core/Src/lcd_i2c.o
 .debug_macro   0x000000000000aafb       0x28 Core/Src/lcd_i2c.o
 .debug_macro   0x000000000000ab23      0x355 Core/Src/main.o
 .debug_macro   0x000000000000ae78       0x34 Core/Src/main.o
 .debug_macro   0x000000000000aeac       0x2e Core/Src/main.o
 .debug_macro   0x000000000000aeda      0x112 Core/Src/main.o
 .debug_macro   0x000000000000afec       0x1c Core/Src/main.o
 .debug_macro   0x000000000000b008       0x10 Core/Src/main.o
 .debug_macro   0x000000000000b018       0x10 Core/Src/main.o
 .debug_macro   0x000000000000b028       0x1c Core/Src/main.o
 .debug_macro   0x000000000000b044       0x52 Core/Src/main.o
 .debug_macro   0x000000000000b096       0x40 Core/Src/main.o
 .debug_macro   0x000000000000b0d6       0x10 Core/Src/main.o
 .debug_macro   0x000000000000b0e6       0x40 Core/Src/main.o
 .debug_macro   0x000000000000b126       0xd7 Core/Src/main.o
 .debug_macro   0x000000000000b1fd       0x1c Core/Src/main.o
 .debug_macro   0x000000000000b219       0x3d Core/Src/main.o
 .debug_macro   0x000000000000b256       0x16 Core/Src/main.o
 .debug_macro   0x000000000000b26c      0x145 Core/Src/main.o
 .debug_macro   0x000000000000b3b1       0x22 Core/Src/main.o
 .debug_macro   0x000000000000b3d3      0x1b4 Core/Src/stm32f0xx_hal_msp.o
 .debug_macro   0x000000000000b587      0x1be Core/Src/stm32f0xx_it.o
 .debug_macro   0x000000000000b745      0x1a5 Core/Src/system_stm32f0xx.o
 .debug_macro   0x000000000000b8ea      0x1c9 Drivers/STM32F0xx_HAL_Driver/Src/stm32f0xx_hal.o
 .debug_macro   0x000000000000bab3      0x1a5 Drivers/STM32F0xx_HAL_Driver/Src/stm32f0xx_hal_cortex.o
 .debug_macro   0x000000000000bc58      0x1dd Drivers/STM32F0xx_HAL_Driver/Src/stm32f0xx_hal_gpio.o
 .debug_macro   0x000000000000be35      0x26a Drivers/STM32F0xx_HAL_Driver/Src/stm32f0xx_hal_i2c.o
 .debug_macro   0x000000000000c09f      0x1a5 Drivers/STM32F0xx_HAL_Driver/Src/stm32f0xx_hal_i2c_ex.o
 .debug_macro   0x000000000000c244      0x1b7 Drivers/STM32F0xx_HAL_Driver/Src/stm32f0xx_hal_rcc.o
 .debug_macro   0x000000000000c3fb      0x1a5 Drivers/STM32F0xx_HAL_Driver/Src/stm32f0xx_hal_rcc_ex.o
 .debug_macro   0x000000000000c5a0      0x1ad Drivers/STM32F0xx_HAL_Driver/Src/stm32f0xx_hal_spi.o

.debug_line     0x0000000000000000     0x89e1
 .debug_line    0x0000000000000000      0x950 Core/Src/NRF24.o
 .debug_line    0x0000000000000950      0x715 Core/Src/lcd_i2c.o
 .debug_line    0x0000000000001065      0x949 Core/Src/main.o
 .debug_line    0x00000000000019ae      0x6e7 Core/Src/stm32f0xx_hal_msp.o
 .debug_line    0x0000000000002095      0x6b8 Core/Src/stm32f0xx_it.o
 .debug_line    0x000000000000274d      0x687 Core/Src/system_stm32f0xx.o
 .debug_line    0x0000000000002dd4       0x89 Core/Startup/startup_stm32f030f4px.o
 .debug_line    0x0000000000002e5d      0x81d Drivers/STM32F0xx_HAL_Driver/Src/stm32f0xx_hal.o
 .debug_line    0x000000000000367a      0x7f6 Drivers/STM32F0xx_HAL_Driver/Src/stm32f0xx_hal_cortex.o
 .debug_line    0x0000000000003e70      0x7b9 Drivers/STM32F0xx_HAL_Driver/Src/stm32f0xx_hal_gpio.o
 .debug_line    0x0000000000004629     0x1a74 Drivers/STM32F0xx_HAL_Driver/Src/stm32f0xx_hal_i2c.o
 .debug_line    0x000000000000609d      0x723 Drivers/STM32F0xx_HAL_Driver/Src/stm32f0xx_hal_i2c_ex.o
 .debug_line    0x00000000000067c0      0x913 Drivers/STM32F0xx_HAL_Driver/Src/stm32f0xx_hal_rcc.o
 .debug_line    0x00000000000070d3      0x745 Drivers/STM32F0xx_HAL_Driver/Src/stm32f0xx_hal_rcc_ex.o
 .debug_line    0x0000000000007818     0x11c9 Drivers/STM32F0xx_HAL_Driver/Src/stm32f0xx_hal_spi.o

.debug_str      0x0000000000000000    0x42f1d
 .debug_str     0x0000000000000000    0x3f53e Core/Src/NRF24.o
                                      0x3f801 (size before relaxing)
 .debug_str     0x000000000003f53e      0x449 Core/Src/lcd_i2c.o
                                      0x3c475 (size before relaxing)
 .debug_str     0x000000000003f987     0x1568 Core/Src/main.o
                                      0x40ff3 (size before relaxing)
 .debug_str     0x0000000000040eef       0x8a Core/Src/stm32f0xx_hal_msp.o
                                      0x3c68c (size before relaxing)
 .debug_str     0x0000000000040f79       0x82 Core/Src/stm32f0xx_it.o
                                      0x3befb (size before relaxing)
 .debug_str     0x0000000000040ffb       0x5f Core/Src/system_stm32f0xx.o
                                      0x3be89 (size before relaxing)
 .debug_str     0x000000000004105a       0x36 Core/Startup/startup_stm32f030f4px.o
                                         0x95 (size before relaxing)
 .debug_str     0x0000000000041090      0x48f Drivers/STM32F0xx_HAL_Driver/Src/stm32f0xx_hal.o
                                      0x3c388 (size before relaxing)
 .debug_str     0x000000000004151f      0x1f8 Drivers/STM32F0xx_HAL_Driver/Src/stm32f0xx_hal_cortex.o
                                      0x3c214 (size before relaxing)
 .debug_str     0x0000000000041717      0x1b1 Drivers/STM32F0xx_HAL_Driver/Src/stm32f0xx_hal_gpio.o
                                      0x3c125 (size before relaxing)
 .debug_str     0x00000000000418c8      0xdee Drivers/STM32F0xx_HAL_Driver/Src/stm32f0xx_hal_i2c.o
                                      0x3d116 (size before relaxing)
 .debug_str     0x00000000000426b6       0x89 Drivers/STM32F0xx_HAL_Driver/Src/stm32f0xx_hal_i2c_ex.o
                                      0x3c3f8 (size before relaxing)
 .debug_str     0x000000000004273f      0x223 Drivers/STM32F0xx_HAL_Driver/Src/stm32f0xx_hal_rcc.o
                                      0x3c2ba (size before relaxing)
 .debug_str     0x0000000000042962       0x97 Drivers/STM32F0xx_HAL_Driver/Src/stm32f0xx_hal_rcc_ex.o
                                      0x3bffe (size before relaxing)
 .debug_str     0x00000000000429f9      0x524 Drivers/STM32F0xx_HAL_Driver/Src/stm32f0xx_hal_spi.o
                                      0x3c7f8 (size before relaxing)

.comment        0x0000000000000000       0x7b
 .comment       0x0000000000000000       0x7b Core/Src/NRF24.o
                                         0x7c (size before relaxing)
 .comment       0x000000000000007b       0x7c Core/Src/lcd_i2c.o
 .comment       0x000000000000007b       0x7c Core/Src/main.o
 .comment       0x000000000000007b       0x7c Core/Src/stm32f0xx_hal_msp.o
 .comment       0x000000000000007b       0x7c Core/Src/stm32f0xx_it.o
 .comment       0x000000000000007b       0x7c Core/Src/system_stm32f0xx.o
 .comment       0x000000000000007b       0x7c Drivers/STM32F0xx_HAL_Driver/Src/stm32f0xx_hal.o
 .comment       0x000000000000007b       0x7c Drivers/STM32F0xx_HAL_Driver/Src/stm32f0xx_hal_cortex.o
 .comment       0x000000000000007b       0x7c Drivers/STM32F0xx_HAL_Driver/Src/stm32f0xx_hal_gpio.o
 .comment       0x000000000000007b       0x7c Drivers/STM32F0xx_HAL_Driver/Src/stm32f0xx_hal_i2c.o
 .comment       0x000000000000007b       0x7c Drivers/STM32F0xx_HAL_Driver/Src/stm32f0xx_hal_i2c_ex.o
 .comment       0x000000000000007b       0x7c Drivers/STM32F0xx_HAL_Driver/Src/stm32f0xx_hal_rcc.o
 .comment       0x000000000000007b       0x7c Drivers/STM32F0xx_HAL_Driver/Src/stm32f0xx_hal_rcc_ex.o
 .comment       0x000000000000007b       0x7c Drivers/STM32F0xx_HAL_Driver/Src/stm32f0xx_hal_spi.o

.debug_frame    0x0000000000000000     0x17dc
 .debug_frame   0x0000000000000000      0x180 Core/Src/NRF24.o
 .debug_frame   0x0000000000000180       0xd8 Core/Src/lcd_i2c.o
 .debug_frame   0x0000000000000258       0xa4 Core/Src/main.o
 .debug_frame   0x00000000000002fc       0x8c Core/Src/stm32f0xx_hal_msp.o
 .debug_frame   0x0000000000000388       0x68 Core/Src/stm32f0xx_it.o
 .debug_frame   0x00000000000003f0       0x38 Core/Src/system_stm32f0xx.o
 .debug_frame   0x0000000000000428      0x1ac Drivers/STM32F0xx_HAL_Driver/Src/stm32f0xx_hal.o
 .debug_frame   0x00000000000005d4       0xe4 Drivers/STM32F0xx_HAL_Driver/Src/stm32f0xx_hal_cortex.o
 .debug_frame   0x00000000000006b8       0xc8 Drivers/STM32F0xx_HAL_Driver/Src/stm32f0xx_hal_gpio.o
 .debug_frame   0x0000000000000780      0x81c Drivers/STM32F0xx_HAL_Driver/Src/stm32f0xx_hal_i2c.o
 .debug_frame   0x0000000000000f9c       0x78 Drivers/STM32F0xx_HAL_Driver/Src/stm32f0xx_hal_i2c_ex.o
 .debug_frame   0x0000000000001014      0x13c Drivers/STM32F0xx_HAL_Driver/Src/stm32f0xx_hal_rcc.o
 .debug_frame   0x0000000000001150       0x58 Drivers/STM32F0xx_HAL_Driver/Src/stm32f0xx_hal_rcc_ex.o
 .debug_frame   0x00000000000011a8      0x57c Drivers/STM32F0xx_HAL_Driver/Src/stm32f0xx_hal_spi.o
 .debug_frame   0x0000000000001724       0x2c c:/st/stm32cubeide_1.3.0/stm32cubeide/plugins/com.st.stm32cube.ide.mcu.externaltools.gnu-tools-for-stm32.7-2018-q2-update.win32_1.0.0.201904181610/tools/bin/../lib/gcc/arm-none-eabi/7.3.1/../../../../arm-none-eabi/lib/thumb/v6-m\libc_nano.a(lib_a-init.o)
 .debug_frame   0x0000000000001750       0x20 c:/st/stm32cubeide_1.3.0/stm32cubeide/plugins/com.st.stm32cube.ide.mcu.externaltools.gnu-tools-for-stm32.7-2018-q2-update.win32_1.0.0.201904181610/tools/bin/../lib/gcc/arm-none-eabi/7.3.1/../../../../arm-none-eabi/lib/thumb/v6-m\libc_nano.a(lib_a-memset.o)
 .debug_frame   0x0000000000001770       0x20 c:/st/stm32cubeide_1.3.0/stm32cubeide/plugins/com.st.stm32cube.ide.mcu.externaltools.gnu-tools-for-stm32.7-2018-q2-update.win32_1.0.0.201904181610/tools/bin/../lib/gcc/arm-none-eabi/7.3.1/../../../../arm-none-eabi/lib/thumb/v6-m\libc_nano.a(lib_a-strcmp.o)
 .debug_frame   0x0000000000001790       0x2c c:/st/stm32cubeide_1.3.0/stm32cubeide/plugins/com.st.stm32cube.ide.mcu.externaltools.gnu-tools-for-stm32.7-2018-q2-update.win32_1.0.0.201904181610/tools/bin/../lib/gcc/arm-none-eabi/7.3.1/../../../../arm-none-eabi/lib/thumb/v6-m\libc_nano.a(lib_a-strncpy.o)
 .debug_frame   0x00000000000017bc       0x20 c:/st/stm32cubeide_1.3.0/stm32cubeide/plugins/com.st.stm32cube.ide.mcu.externaltools.gnu-tools-for-stm32.7-2018-q2-update.win32_1.0.0.201904181610/tools/bin/../lib/gcc/arm-none-eabi/7.3.1/thumb/v6-m\libgcc.a(_udivsi3.o)
